
Гаращук Богдан KВ-93 Варіант 5  27/4/2022 22:16:37

				Другий Прохід

		1 0000              		DATA	segment
		2 0000  FF          			A1	db	255
		3			A2	db	0101111111b
			Помилка : Операнд занадто великий : A2

		4 0002  73 74 72 69 6E 67 			A3	db	'string'
		5		A11 db -129
			Помилка : Операнд занадто великий : A11

		6 0009  2B          		A21 db '+'
		7		pop 1111b
			Помилка : Помилка операнда

		8 000B  0006        			B1	dw	0110b
		9 000D  1FD2        			B2	dw	1FD2h
		10 000F  FFF3        			B3	dw	-45
		11 0011  FFFF        		B11 dw 0ffffh
		12 0013  00007A21    			C1	dd	31265
		13 0017  0000BF11    			C2	dd	0BF11h
		14			C22 dd  fafbfcfdh
			Помилка : Недопустима команда : FAFBFCFDH

		15 001B  00001F23    			C3	dd	1F23h
		16 001F  FFFFFFF8    		C11 dd -8
		17		C4  dd  23f
			Помилка : Недопустима команда : 23F

		18		DATA
			Помилка : Невизначена помилка

		19		
		20		MCR1 MACRO A
		21		    mov A,3212
		22		    mov A,0fah
		23		    mov A,15
		24		ENDM
		25		
		26		MCR MACRO
		27			pop dx
		28		
		29		ENDM
		30		
		31		MCR2 MACRO MEM2
		32		    mov ax,-1
		33		  and bx,MEM2
		34		    mov cl,-1
		35		ENDM
		36		
		37		CODE	segment
			Помилка : Незакритий сегмент : DATA

		38 0023  01          			VAR db  0001b
		39 0024  1234        		D11 dw 1234h
		40		pop 0111b
			Помилка : Помилка операнда

		41 0027  5A          		pop dx
		42		jl clc
			Помилка : Недопустима команда : CLC

		43 0028  7C 2C 90 90 			jl	GO2
		44 002C  7C 02 90 90 		jl GO1
		45		jl lap1
			Помилка : Недопустима команда : Ідентифікатор містить недопустимі символи

		46 0030              		GO1:
		47 0030  7C FE       		jl GO1
		48			MCR1 bx
		49 0032  BB 0C8C     		    mov BX,3212
		50 0035  BB 00FA     		    mov BX,0fah
		51 0038  BB 000F     		    mov BX,15
		52 003B  BB 80CA     			mov bx,80CAh
		53			cmp	ds:[bx+si+5],bh
			Помилка : Помилка операнда

		54 003E  2E : 38 BA 0021r			cmp VAR[bp+si-2],bh
		55			div eax
			Помилка : Недопустима команда : Ідентифікатор містить недопустимі символи

		56			div ax
			Помилка : Помилка операнда

		57 0043  2E : 38 BA 0021r		cmp cs:VAR[bp+si-2],bh
		58		    MCR
		59 0048  5A          			pop dx
		60		
		61		    MCR11
			Помилка : Недопустима команда : MCR11

		62 0049  65 : 38 B8 0028r			cmp gs:VAR[bx+si+5],bh
		63 004E  38 B8 0006r 			cmp ds:A2[bx+si+5],bh
		64			and ax,1111b
			Помилка : Помилка операнда

		65 0052  7C 54 90 90 			jl EXIT
		66 0056              		GO2:
		67		MCR2 B11[bp+si+22]
		68 0056  B8 FFFF     		    mov ax,-1
		69 0059  2E : 23 9A 0027r		  and bx,B11[BP+SI+22]
		70 005E  B1 FF       		    mov cl,-1
		71		MCR2 gs:D11[bp+si+22]
		72 0060  B8 FFFF     		    mov ax,-1
		73 0063  65 : 23 9A 003Ar		  and bx,GS:D11[BP+SI+22]
		74 0068  B1 FF       		    mov cl,-1
		75 006A  5C          		pop sp
		76 006B  B0 FF       			mov al,255
		77 006D  3E : F6 B3 FFF8r			div ds:A3[bp+di-10]
		78 0072  F6 B3 0004r 		div ss:A3[bp+di+2]
		79 0076  83 88 0011r 00B3		or	ds:B2[bx+si+4],0B3h
		80 007C  0F A3 CB    			bt	bx,cx
		81 007F  F8          			clc
		82 0080  26 : 22 A0 0002r			and ah,es:A1[bx+si+2]
		83 0085  2E : 23 B0 0029r		and si,D11[bx+si+5]
		84 008A  23 B0 0029r 		and si,ds:D11[bx+si+5]
		85 008E  2E : 23 B0 0029r		and si,cs:D11[bx+si+5]
		86 0093  7C 9B       			jl GO1
		87 0095  83 88 0011r FFF5		or	ds:B2[bx+si+4],-0Bh
		88 009A  F8          			clc
		89 009B  39 90 000Er 			cmp ds:B1[bx+si+3],dx
		90		MCR1 ax
		91 009F  B8 0C8C     		    mov AX,3212
		92 00A2  B8 00FA     		    mov AX,0fah
		93 00A5  B8 000F     		    mov AX,15
		94 00A8              		EXIT:
		95		CODE
			Помилка : Невизначена помилка

		96		END


		  Сегменти дати або коду визначені користувачем
		Назва     Розрядність    Розмір 
		DATA     16-біт			    NAN 


		  Інформація про сегментні регістри
		Назва     Призначення 
		CS        NOTHING
		DS        NOTHING
		ES        NOTHING
		FS        NOTHING
		GS        NOTHING
		SS        NOTHING


		  Користувацькі ідентифікатори
		Назва     Тип		      Зміщення 
		DATA    SEGMENT        		0 
		A1      BYTE       DATA		0 
		A2      BYTE       DATA		1 
		A3      BYTE       DATA		2 
		A11     BYTE       DATA		8 
		A21     BYTE       DATA		9 
		B1      WORD       DATA		B 
		B2      WORD       DATA		D 
		B3      WORD       DATA		F 
		B11     WORD       DATA		11 
		C1      DWORD      DATA		13 
		C2      DWORD      DATA		17 
		C3      DWORD      DATA		1B 
		C11     DWORD      DATA		1F 
		MCR1    MACRO          		0 
		MCR     MACRO          		0 
		MCR2    MACRO          		0 
		VAR     BYTE       DATA		23 
		D11     WORD       DATA		24 
		GO1     LABEL      DATA		30 
		GO2     LABEL      DATA		56 
		EXIT    LABEL      DATA		A8 

		Помилки :
		Помилка виникла у рядку 14 : Недопустима команда : FAFBFCFDH 
		Помилка виникла у рядку 17 : Недопустима команда : 23F 
		Помилка виникла у рядку 18 : Невизначена помилка 
		Помилка виникла у рядку 37 : Незакритий сегмент : DATA
		Помилка виникла у рядку 42 : Недопустима команда : CLC 
		Помилка виникла у рядку 45 : Недопустима команда : Ідентифікатор містить недопустимі символи 
		Помилка виникла у рядку 53 : Помилка операнда 
		Помилка виникла у рядку 55 : Недопустима команда : Ідентифікатор містить недопустимі символи 
		Помилка виникла у рядку 56 : Помилка операнда 
		Помилка виникла у рядку 61 : Недопустима команда : MCR11 
		Помилка виникла у рядку 64 : Помилка операнда 
		Помилка виникла у рядку 95 : Невизначена помилка 
		Помилка виникла у рядку 96 : Незакритий сегмент : DATA
		Помилка виникла у рядку 3 : Операнд занадто великий : A2
		Помилка виникла у рядку 5 : Операнд занадто великий : A11
		Помилка виникла у рядку 7 : Помилка операнда 
		Помилка виникла у рядку 40 : Помилка операнда 